// Jest Snapshot v1, https://goo.gl/fbAQLP

exports[`Pruebas al component <MultipleCustomHooks/> Debe mostrarse correctamente 1`] = `
<div>
  <h1>
     Custom Hooks 
  </h1>
  <hr />
  <div
    className="alert alert-info text-center"
  >
    loading ...
  </div>
  <button
    className="btn btn-success"
    onClick={[Function]}
    type="button"
  >
    Next Quote
  </button>
</div>
`;
