// Jest Snapshot v1, https://goo.gl/fbAQLP

exports[`Pruebas al component <TodoApp/> Debe mostrarse correctamente 1`] = `
<div>
  <h1>
    TodoApp: 
    0
  </h1>
  <hr />
  <div
    className="row"
  >
    <div
      className="col-7"
    >
      <TodoList
        handleDelete={[Function]}
        handleToggle={[Function]}
        todos={Array []}
      />
    </div>
    <div
      className="col-4"
    >
      <TodoForm
        addTodo={[Function]}
      />
    </div>
  </div>
</div>
`;
