// Jest Snapshot v1, https://goo.gl/fbAQLP

exports[`Prueba del componente Padre Renderizacion correcta del componente 1`] = `
<div>
  <MainApp />
</div>
`;
