// Jest Snapshot v1, https://goo.gl/fbAQLP

exports[`Test the component <HomePage/> Debe mostrarse correctamente 1`] = `
<div>
  <h1>
    HomePage
  </h1>
  <hr />
  <pre
    className="container"
  >
    {
   "name": "Jhon",
   "email": "jhon@gmail.com"
}
  </pre>
</div>
`;
