// Jest Snapshot v1, https://goo.gl/fbAQLP

exports[`Test the component <Login/> Debe mostrar correctamente 1`] = `
<div>
  <h1>
    Login
  </h1>
  <hr />
  <button
    className="btn btn-primary"
    onClick={[Function]}
  >
    Add User
  </button>
</div>
`;
