// Jest Snapshot v1, https://goo.gl/fbAQLP

exports[`Test al component <ExampleRef/> Debe mostrarse correctamente el componnete <ExampleRef/> 1`] = `
<Fragment>
  <h1>
     Real Example UseRef
  </h1>
  <hr />
  <MultipleCustomHooks />
  <button
    className="btn btn-primary mt-5"
    onClick={[Function]}
  >
    Show / hide
  </button>
</Fragment>
`;
